CAGR | ABB | Mar 2019 | fcf_cagr_5yr_flag=ZERO_BASE
CAGR | ABB | Mar 2020 | fcf_cagr_5yr_flag=BOTH_NEGATIVE
CAGR | ABB | Mar 2021 | fcf_cagr_5yr_flag=DECLINE_TO_LOSS
CAGR | ABB | Mar 2023 | fcf_cagr_5yr_flag=BOTH_NEGATIVE
CAGR | ABB | Mar 2024 | fcf_cagr_5yr_flag=TURNAROUND
CAGR | ADANIENSOL | Mar 2019 | fcf_cagr_5yr_flag=ZERO_BASE
CAGR | ADANIENSOL | Mar 2020 | fcf_cagr_5yr_flag=BOTH_NEGATIVE
CAGR | ADANIENSOL | Mar 2021 | fcf_cagr_5yr_flag=DECLINE_TO_LOSS
CAGR | ADANIENSOL | Mar 2023 | fcf_cagr_5yr_flag=BOTH_NEGATIVE
CAGR | ADANIENSOL | Mar 2024 | fcf_cagr_5yr_flag=TURNAROUND
CAGR | ADANIENT | Mar 2018 | fcf_cagr_5yr_flag=BOTH_NEGATIVE
CAGR | ADANIENT | Mar 2020 | fcf_cagr_5yr_flag=TURNAROUND
CAGR | ADANIENT | Mar 2021 | fcf_cagr_5yr_flag=DECLINE_TO_LOSS
CAGR | ADANIENT | Mar 2022 | fcf_cagr_5yr_flag=BOTH_NEGATIVE
CAGR | ADANIENT | Mar 2023 | fcf_cagr_5yr_flag=TURNAROUND
CAGR | ADANIENT | Mar 2024 | fcf_cagr_5yr_flag=DECLINE_TO_LOSS
CAGR | ADANIGREEN | Mar 2022 | fcf_cagr_5yr_flag=BOTH_NEGATIVE
CAGR | ADANIGREEN | Mar 2023 | fcf_cagr_5yr_flag=TURNAROUND
CAGR | ADANIGREEN | Mar 2024 | fcf_cagr_5yr_flag=BOTH_NEGATIVE
CAGR | ADANIPORTS | Mar 2018 | fcf_cagr_5yr_flag=TURNAROUND
CAGR | ADANIPORTS | Mar 2019 | fcf_cagr_5yr_flag=TURNAROUND
CAGR | ADANIPORTS | Mar 2021 | fcf_cagr_5yr_flag=BOTH_NEGATIVE
CAGR | ADANIPORTS | Mar 2023 | fcf_cagr_5yr_flag=DECLINE_TO_LOSS
CAGR | ADANIPOWER | Mar 2018 | fcf_cagr_5yr_flag=TURNAROUND
CAGR | ADANIPOWER | Mar 2019 | fcf_cagr_5yr_flag=TURNAROUND
CAGR | AMBUJACEM | Dec 2021 | fcf_cagr_5yr_flag=TURNAROUND
CAGR | AMBUJACEM | Mar 2024 | fcf_cagr_5yr_flag=DECLINE_TO_LOSS
CAGR | APOLLOHOSP | Mar 2018 | fcf_cagr_5yr_flag=TURNAROUND
CAGR | APOLLOHOSP | Mar 2020 | fcf_cagr_5yr_flag=TURNAROUND
CAGR | APOLLOHOSP | Mar 2021 | fcf_cagr_5yr_flag=TURNAROUND
CAGR | APOLLOHOSP | Mar 2022 | fcf_cagr_5yr_flag=TURNAROUND
CAGR | AXISBANK | Mar 2018 | fcf_cagr_5yr_flag=BOTH_NEGATIVE
CAGR | AXISBANK | Mar 2020 | fcf_cagr_5yr_flag=TURNAROUND
CAGR | AXISBANK | Mar 2021 | fcf_cagr_5yr_flag=BOTH_NEGATIVE
CAGR | AXISBANK | Mar 2023 | fcf_cagr_5yr_flag=BOTH_NEGATIVE
CAGR | AXISBANK | Mar 2024 | fcf_cagr_5yr_flag=DECLINE_TO_LOSS
CAGR | BAJAJ-AUTO | Mar 2022 | fcf_cagr_5yr_flag=TURNAROUND
CAGR | BAJAJFINSV | Mar 2018 | fcf_cagr_5yr_flag=BOTH_NEGATIVE
CAGR | BAJAJFINSV | Mar 2019 | fcf_cagr_5yr_flag=BOTH_NEGATIVE
CAGR | BAJAJFINSV | Mar 2020 | fcf_cagr_5yr_flag=BOTH_NEGATIVE
CAGR | BAJAJFINSV | Mar 2021 | fcf_cagr_5yr_flag=TURNAROUND
CAGR | BAJAJFINSV | Mar 2022 | fcf_cagr_5yr_flag=BOTH_NEGATIVE
CAGR | BAJAJFINSV | Mar 2023 | fcf_cagr_5yr_flag=BOTH_NEGATIVE
CAGR | BAJAJFINSV | Mar 2024 | fcf_cagr_5yr_flag=BOTH_NEGATIVE
CAGR | BAJAJHLDNG | Mar 2021 | fcf_cagr_5yr_flag=DECLINE_TO_LOSS
CAGR | BAJAJHLDNG | Mar 2022 | fcf_cagr_5yr_flag=TURNAROUND
CAGR | BAJFINANCE | Mar 2020 | fcf_cagr_5yr_flag=BOTH_NEGATIVE
CAGR | BAJFINANCE | Mar 2021 | fcf_cagr_5yr_flag=BOTH_NEGATIVE
CAGR | BAJFINANCE | Mar 2022 | fcf_cagr_5yr_flag=BOTH_NEGATIVE
CAGR | BAJFINANCE | Mar 2023 | fcf_cagr_5yr_flag=BOTH_NEGATIVE
CAGR | BAJFINANCE | Mar 2024 | fcf_cagr_5yr_flag=BOTH_NEGATIVE
CAGR | BANKBARODA | Mar 2018 | fcf_cagr_5yr_flag=DECLINE_TO_LOSS
CAGR | BANKBARODA | Mar 2019 | fcf_cagr_5yr_flag=DECLINE_TO_LOSS
CAGR | BANKBARODA | Mar 2021 | fcf_cagr_5yr_flag=BOTH_NEGATIVE
CAGR | BANKBARODA | Mar 2023 | fcf_cagr_5yr_flag=BOTH_NEGATIVE
CAGR | BANKBARODA | Mar 2024 | fcf_cagr_5yr_flag=BOTH_NEGATIVE
CAGR | BEL | Mar 2018 | fcf_cagr_5yr_flag=DECLINE_TO_LOSS
CAGR | BEL | Mar 2022 | fcf_cagr_5yr_flag=DECLINE_TO_LOSS
CAGR | BEL | Mar 2023 | fcf_cagr_5yr_flag=TURNAROUND
CAGR | BEL | Mar 2024 | fcf_cagr_5yr_flag=DECLINE_TO_LOSS
CAGR | BHARTIARTL | Mar 2019 | fcf_cagr_5yr_flag=DECLINE_TO_LOSS
CAGR | BHARTIARTL | Mar 2020 | fcf_cagr_5yr_flag=DECLINE_TO_LOSS
CAGR | BHARTIARTL | Mar 2022 | fcf_cagr_5yr_flag=TURNAROUND
CAGR | BHARTIARTL | Mar 2024 | fcf_cagr_5yr_flag=TURNAROUND
CAGR | BHEL | Mar 2019 | fcf_cagr_5yr_flag=DECLINE_TO_LOSS
CAGR | BHEL | Mar 2020 | fcf_cagr_5yr_flag=DECLINE_TO_LOSS
CAGR | BHEL | Mar 2022 | fcf_cagr_5yr_flag=BOTH_NEGATIVE
CAGR | BHEL | Mar 2024 | fcf_cagr_5yr_flag=BOTH_NEGATIVE
CAGR | BPCL | Mar 2019 | fcf_cagr_5yr_flag=DECLINE_TO_LOSS
CAGR | BPCL | Mar 2020 | fcf_cagr_5yr_flag=DECLINE_TO_LOSS
CAGR | BPCL | Mar 2022 | fcf_cagr_5yr_flag=TURNAROUND
CAGR | BPCL | Mar 2024 | fcf_cagr_5yr_flag=TURNAROUND
CAGR | BRITANNIA | Mar 2020 | fcf_cagr_5yr_flag=DECLINE_TO_LOSS
CAGR | CANBK | Mar 2018 | fcf_cagr_5yr_flag=DECLINE_TO_LOSS
CAGR | CANBK | Mar 2020 | fcf_cagr_5yr_flag=DECLINE_TO_LOSS
CAGR | CANBK | Mar 2022 | fcf_cagr_5yr_flag=DECLINE_TO_LOSS
CAGR | CANBK | Mar 2023 | fcf_cagr_5yr_flag=BOTH_NEGATIVE
CAGR | CHOLAFIN | Mar 2018 | fcf_cagr_5yr_flag=BOTH_NEGATIVE
CAGR | CHOLAFIN | Mar 2019 | fcf_cagr_5yr_flag=BOTH_NEGATIVE
CAGR | CHOLAFIN | Mar 2020 | fcf_cagr_5yr_flag=BOTH_NEGATIVE
CAGR | CHOLAFIN | Mar 2021 | fcf_cagr_5yr_flag=BOTH_NEGATIVE
CAGR | CHOLAFIN | Mar 2022 | fcf_cagr_5yr_flag=BOTH_NEGATIVE
CAGR | CHOLAFIN | Mar 2023 | fcf_cagr_5yr_flag=BOTH_NEGATIVE
CAGR | CHOLAFIN | Mar 2024 | fcf_cagr_5yr_flag=BOTH_NEGATIVE
CAGR | CIPLA | Mar 2018 | fcf_cagr_5yr_flag=TURNAROUND
CAGR | CIPLA | Mar 2021 | fcf_cagr_5yr_flag=TURNAROUND
CAGR | DIVISLAB | Mar 2022 | fcf_cagr_5yr_flag=DECLINE_TO_LOSS
CAGR | DIVISLAB | Mar 2023 | fcf_cagr_5yr_flag=DECLINE_TO_LOSS
CAGR | DLF | Mar 2018 | fcf_cagr_5yr_flag=DECLINE_TO_LOSS
CAGR | DLF | Mar 2022 | fcf_cagr_5yr_flag=TURNAROUND
CAGR | DLF | Mar 2023 | fcf_cagr_5yr_flag=TURNAROUND
CAGR | DMART | Mar 2018 | fcf_cagr_5yr_flag=TURNAROUND
CAGR | DMART | Mar 2019 | fcf_cagr_5yr_flag=BOTH_NEGATIVE
CAGR | DMART | Mar 2020 | fcf_cagr_5yr_flag=BOTH_NEGATIVE
CAGR | DMART | Mar 2021 | fcf_cagr_5yr_flag=TURNAROUND
CAGR | DMART | Mar 2022 | fcf_cagr_5yr_flag=TURNAROUND
CAGR | DMART | Mar 2024 | fcf_cagr_5yr_flag=TURNAROUND
CAGR | DRREDDY | Mar 2018 | fcf_cagr_5yr_flag=TURNAROUND
CAGR | EICHERMOT | Mar 2017 | fcf_cagr_5yr_flag=BOTH_NEGATIVE
CAGR | EICHERMOT | Mar 2018 | fcf_cagr_5yr_flag=TURNAROUND
CAGR | EICHERMOT | Mar 2019 | fcf_cagr_5yr_flag=TURNAROUND
CAGR | EICHERMOT | Mar 2022 | fcf_cagr_5yr_flag=TURNAROUND
CAGR | GAIL | Mar 2018 | fcf_cagr_5yr_flag=TURNAROUND
CAGR | GAIL | Mar 2023 | fcf_cagr_5yr_flag=DECLINE_TO_LOSS
CAGR | GODREJCP | Mar 2018 | fcf_cagr_5yr_flag=TURNAROUND
CAGR | GODREJCP | Mar 2020 | fcf_cagr_5yr_flag=TURNAROUND
CAGR | GODREJCP | Mar 2022 | fcf_cagr_5yr_flag=TURNAROUND
CAGR | GODREJCP | Mar 2024 | fcf_cagr_5yr_flag=DECLINE_TO_LOSS
CAGR | GRASIM | Mar 2018 | fcf_cagr_5yr_flag=BOTH_NEGATIVE
CAGR | GRASIM | Mar 2019 | fcf_cagr_5yr_flag=DECLINE_TO_LOSS
CAGR | GRASIM | Mar 2023 | fcf_cagr_5yr_flag=BOTH_NEGATIVE
CAGR | GRASIM | Mar 2024 | fcf_cagr_5yr_flag=BOTH_NEGATIVE
CAGR | HAL | Mar 2022 | fcf_cagr_5yr_flag=DECLINE_TO_LOSS
CAGR | HAL | Mar 2023 | fcf_cagr_5yr_flag=TURNAROUND
CAGR | HAL | Mar 2024 | fcf_cagr_5yr_flag=TURNAROUND
CAGR | HAVELLS | Mar 2021 | fcf_cagr_5yr_flag=DECLINE_TO_LOSS
CAGR | HDFCBANK | Mar 2018 | fcf_cagr_5yr_flag=TURNAROUND
CAGR | HDFCBANK | Mar 2019 | fcf_cagr_5yr_flag=DECLINE_TO_LOSS
CAGR | HDFCBANK | Mar 2020 | fcf_cagr_5yr_flag=BOTH_NEGATIVE
CAGR | HDFCBANK | Mar 2021 | fcf_cagr_5yr_flag=TURNAROUND
CAGR | HDFCBANK | Mar 2022 | fcf_cagr_5yr_flag=DECLINE_TO_LOSS
CAGR | HDFCBANK | Mar 2024 | fcf_cagr_5yr_flag=TURNAROUND
CAGR | HDFCLIFE | Mar 2020 | fcf_cagr_5yr_flag=DECLINE_TO_LOSS
CAGR | HDFCLIFE | Mar 2023 | fcf_cagr_5yr_flag=DECLINE_TO_LOSS
CAGR | HDFCLIFE | Mar 2024 | fcf_cagr_5yr_flag=BOTH_NEGATIVE
CAGR | HINDALCO | Mar 2018 | fcf_cagr_5yr_flag=TURNAROUND
CAGR | HINDALCO | Mar 2019 | fcf_cagr_5yr_flag=TURNAROUND
CAGR | HINDALCO | Mar 2021 | fcf_cagr_5yr_flag=DECLINE_TO_LOSS
CAGR | ICICIBANK | Mar 2018 | fcf_cagr_5yr_flag=BOTH_NEGATIVE
CAGR | ICICIBANK | Mar 2019 | fcf_cagr_5yr_flag=TURNAROUND
CAGR | ICICIBANK | Mar 2020 | fcf_cagr_5yr_flag=TURNAROUND
CAGR | ICICIBANK | Mar 2023 | fcf_cagr_5yr_flag=BOTH_NEGATIVE
CAGR | ICICIGI | Mar 2019 | fcf_cagr_5yr_flag=TURNAROUND
CAGR | ICICIGI | Mar 2022 | fcf_cagr_5yr_flag=TURNAROUND
CAGR | ICICIPRULI | Mar 2018 | fcf_cagr_5yr_flag=TURNAROUND
CAGR | ICICIPRULI | Mar 2020 | fcf_cagr_5yr_flag=BOTH_NEGATIVE
CAGR | ICICIPRULI | Mar 2023 | fcf_cagr_5yr_flag=DECLINE_TO_LOSS
CAGR | INDIGO | Mar 2018 | fcf_cagr_5yr_flag=BOTH_NEGATIVE
CAGR | INDIGO | Mar 2019 | fcf_cagr_5yr_flag=TURNAROUND
CAGR | INDIGO | Mar 2023 | fcf_cagr_5yr_flag=TURNAROUND
CAGR | INDUSINDBK | Mar 2018 | fcf_cagr_5yr_flag=BOTH_NEGATIVE
CAGR | INDUSINDBK | Mar 2019 | fcf_cagr_5yr_flag=BOTH_NEGATIVE
CAGR | INDUSINDBK | Mar 2020 | fcf_cagr_5yr_flag=BOTH_NEGATIVE
CAGR | INDUSINDBK | Mar 2021 | fcf_cagr_5yr_flag=TURNAROUND
CAGR | INDUSINDBK | Mar 2023 | fcf_cagr_5yr_flag=BOTH_NEGATIVE
CAGR | INDUSINDBK | Mar 2024 | fcf_cagr_5yr_flag=BOTH_NEGATIVE
CAGR | INFY | Mar 2022 | fcf_cagr_5yr_flag=TURNAROUND
CAGR | IOC | Mar 2019 | fcf_cagr_5yr_flag=DECLINE_TO_LOSS
CAGR | IOC | Mar 2020 | fcf_cagr_5yr_flag=DECLINE_TO_LOSS
CAGR | IOC | Mar 2024 | fcf_cagr_5yr_flag=TURNAROUND
CAGR | IRCTC | Mar 2021 | fcf_cagr_5yr_flag=DECLINE_TO_LOSS
CAGR | IRFC | Mar 2021 | fcf_cagr_5yr_flag=BOTH_NEGATIVE
CAGR | IRFC | Mar 2022 | fcf_cagr_5yr_flag=BOTH_NEGATIVE
CAGR | IRFC | Mar 2023 | fcf_cagr_5yr_flag=BOTH_NEGATIVE
CAGR | IRFC | Mar 2024 | fcf_cagr_5yr_flag=TURNAROUND
CAGR | JINDALSTEL | Mar 2018 | fcf_cagr_5yr_flag=TURNAROUND
CAGR | JINDALSTEL | Mar 2019 | fcf_cagr_5yr_flag=TURNAROUND
CAGR | JINDALSTEL | Mar 2020 | fcf_cagr_5yr_flag=TURNAROUND
CAGR | JINDALSTEL | Mar 2024 | fcf_cagr_5yr_flag=DECLINE_TO_LOSS
CAGR | JSWENERGY | Mar 2023 | fcf_cagr_5yr_flag=DECLINE_TO_LOSS
CAGR | JSWENERGY | Mar 2024 | fcf_cagr_5yr_flag=DECLINE_TO_LOSS
CAGR | JSWSTEEL | Mar 2019 | fcf_cagr_5yr_flag=TURNAROUND
CAGR | JSWSTEEL | Mar 2020 | fcf_cagr_5yr_flag=DECLINE_TO_LOSS
CAGR | JSWSTEEL | Mar 2024 | fcf_cagr_5yr_flag=DECLINE_TO_LOSS
CAGR | KOTAKBANK | Mar 2018 | fcf_cagr_5yr_flag=BOTH_NEGATIVE
CAGR | KOTAKBANK | Mar 2019 | fcf_cagr_5yr_flag=DECLINE_TO_LOSS
CAGR | KOTAKBANK | Mar 2020 | fcf_cagr_5yr_flag=TURNAROUND
CAGR | KOTAKBANK | Mar 2021 | fcf_cagr_5yr_flag=DECLINE_TO_LOSS
CAGR | KOTAKBANK | Mar 2022 | fcf_cagr_5yr_flag=DECLINE_TO_LOSS
CAGR | KOTAKBANK | Mar 2023 | fcf_cagr_5yr_flag=BOTH_NEGATIVE
CAGR | KOTAKBANK | Mar 2024 | fcf_cagr_5yr_flag=TURNAROUND
CAGR | LODHA | Mar 2021 | fcf_cagr_5yr_flag=TURNAROUND
CAGR | LODHA | Mar 2024 | fcf_cagr_5yr_flag=BOTH_NEGATIVE
CAGR | LT | Mar 2018 | fcf_cagr_5yr_flag=BOTH_NEGATIVE
CAGR | LT | Mar 2019 | fcf_cagr_5yr_flag=BOTH_NEGATIVE
CAGR | LT | Mar 2020 | fcf_cagr_5yr_flag=BOTH_NEGATIVE
CAGR | LT | Mar 2021 | fcf_cagr_5yr_flag=TURNAROUND
CAGR | LT | Mar 2022 | fcf_cagr_5yr_flag=TURNAROUND
CAGR | LT | Mar 2023 | fcf_cagr_5yr_flag=TURNAROUND
CAGR | LT | Mar 2024 | fcf_cagr_5yr_flag=TURNAROUND
CAGR | M&M | Mar 2018 | fcf_cagr_5yr_flag=BOTH_NEGATIVE
CAGR | M&M | Mar 2019 | fcf_cagr_5yr_flag=BOTH_NEGATIVE
CAGR | M&M | Mar 2020 | fcf_cagr_5yr_flag=BOTH_NEGATIVE
CAGR | M&M | Mar 2021 | fcf_cagr_5yr_flag=BOTH_NEGATIVE
CAGR | M&M | Mar 2022 | fcf_cagr_5yr_flag=TURNAROUND
CAGR | M&M | Mar 2023 | fcf_cagr_5yr_flag=BOTH_NEGATIVE
CAGR | M&M | Mar 2024 | fcf_cagr_5yr_flag=BOTH_NEGATIVE
CAGR | MARUTI | Mar 2019 | fcf_cagr_5yr_flag=TURNAROUND
CAGR | MOTHERSON | Mar 2022 | fcf_cagr_5yr_flag=TURNAROUND
CAGR | NAUKRI | Mar 2019 | fcf_cagr_5yr_flag=TURNAROUND
CAGR | NAUKRI | Mar 2020 | fcf_cagr_5yr_flag=TURNAROUND
CAGR | NAUKRI | Mar 2021 | fcf_cagr_5yr_flag=DECLINE_TO_LOSS
CAGR | NAUKRI | Mar 2022 | fcf_cagr_5yr_flag=DECLINE_TO_LOSS
CAGR | NAUKRI | Mar 2024 | fcf_cagr_5yr_flag=DECLINE_TO_LOSS
CAGR | NTPC | Mar 2018 | fcf_cagr_5yr_flag=BOTH_NEGATIVE
CAGR | NTPC | Mar 2019 | fcf_cagr_5yr_flag=DECLINE_TO_LOSS
CAGR | NTPC | Mar 2020 | fcf_cagr_5yr_flag=BOTH_NEGATIVE
CAGR | NTPC | Mar 2022 | fcf_cagr_5yr_flag=TURNAROUND
CAGR | NTPC | Mar 2023 | fcf_cagr_5yr_flag=TURNAROUND
CAGR | NTPC | Mar 2024 | fcf_cagr_5yr_flag=TURNAROUND
CAGR | ONGC | Mar 2018 | fcf_cagr_5yr_flag=BOTH_NEGATIVE
CAGR | ONGC | Mar 2019 | fcf_cagr_5yr_flag=TURNAROUND
CAGR | ONGC | Mar 2023 | fcf_cagr_5yr_flag=TURNAROUND
CAGR | PFC | Mar 2018 | fcf_cagr_5yr_flag=BOTH_NEGATIVE
CAGR | PFC | Mar 2019 | fcf_cagr_5yr_flag=BOTH_NEGATIVE
CAGR | PFC | Mar 2020 | fcf_cagr_5yr_flag=BOTH_NEGATIVE
CAGR | PFC | Mar 2021 | fcf_cagr_5yr_flag=BOTH_NEGATIVE
CAGR | PFC | Mar 2023 | fcf_cagr_5yr_flag=BOTH_NEGATIVE
CAGR | PFC | Mar 2024 | fcf_cagr_5yr_flag=BOTH_NEGATIVE
CAGR | PIDILITIND | Mar 2021 | fcf_cagr_5yr_flag=DECLINE_TO_LOSS
CAGR | PIDILITIND | Mar 2022 | fcf_cagr_5yr_flag=TURNAROUND
CAGR | PNB | Mar 2018 | fcf_cagr_5yr_flag=BOTH_NEGATIVE
CAGR | PNB | Mar 2019 | fcf_cagr_5yr_flag=DECLINE_TO_LOSS
CAGR | PNB | Mar 2020 | fcf_cagr_5yr_flag=DECLINE_TO_LOSS
CAGR | PNB | Mar 2023 | fcf_cagr_5yr_flag=TURNAROUND
CAGR | PNB | Mar 2024 | fcf_cagr_5yr_flag=BOTH_NEGATIVE
CAGR | POWERGRID | Mar 2018 | fcf_cagr_5yr_flag=BOTH_NEGATIVE
CAGR | POWERGRID | Mar 2019 | fcf_cagr_5yr_flag=TURNAROUND
CAGR | POWERGRID | Mar 2020 | fcf_cagr_5yr_flag=TURNAROUND
CAGR | POWERGRID | Mar 2021 | fcf_cagr_5yr_flag=TURNAROUND
CAGR | POWERGRID | Mar 2022 | fcf_cagr_5yr_flag=TURNAROUND
CAGR | POWERGRID | Mar 2023 | fcf_cagr_5yr_flag=TURNAROUND
CAGR | RECLTD | Mar 2018 | fcf_cagr_5yr_flag=BOTH_NEGATIVE
CAGR | RECLTD | Mar 2019 | fcf_cagr_5yr_flag=BOTH_NEGATIVE
CAGR | RECLTD | Mar 2020 | fcf_cagr_5yr_flag=BOTH_NEGATIVE
CAGR | RECLTD | Mar 2021 | fcf_cagr_5yr_flag=BOTH_NEGATIVE
CAGR | RECLTD | Mar 2022 | fcf_cagr_5yr_flag=DECLINE_TO_LOSS
CAGR | RECLTD | Mar 2023 | fcf_cagr_5yr_flag=BOTH_NEGATIVE
CAGR | RECLTD | Mar 2024 | fcf_cagr_5yr_flag=BOTH_NEGATIVE
CAGR | RELIANCE | Mar 2019 | fcf_cagr_5yr_flag=BOTH_NEGATIVE
CAGR | RELIANCE | Mar 2020 | fcf_cagr_5yr_flag=TURNAROUND
CAGR | RELIANCE | Mar 2021 | fcf_cagr_5yr_flag=DECLINE_TO_LOSS
CAGR | RELIANCE | Mar 2022 | fcf_cagr_5yr_flag=TURNAROUND
CAGR | RELIANCE | Mar 2024 | fcf_cagr_5yr_flag=TURNAROUND
CAGR | SBILIFE | Mar 2019 | fcf_cagr_5yr_flag=BOTH_NEGATIVE
CAGR | SBILIFE | Mar 2021 | fcf_cagr_5yr_flag=TURNAROUND
CAGR | SBILIFE | Mar 2022 | fcf_cagr_5yr_flag=TURNAROUND
CAGR | SBILIFE | Mar 2023 | fcf_cagr_5yr_flag=DECLINE_TO_LOSS
CAGR | SBILIFE | Mar 2024 | fcf_cagr_5yr_flag=BOTH_NEGATIVE
CAGR | SBIN | Mar 2018 | fcf_cagr_5yr_flag=DECLINE_TO_LOSS
CAGR | SBIN | Mar 2023 | fcf_cagr_5yr_flag=BOTH_NEGATIVE
CAGR | SHREECEM | Mar 2018 | fcf_cagr_5yr_flag=DECLINE_TO_LOSS
CAGR | SHREECEM | Mar 2020 | fcf_cagr_5yr_flag=DECLINE_TO_LOSS
CAGR | SHREECEM | Mar 2023 | fcf_cagr_5yr_flag=TURNAROUND
CAGR | SHRIRAMFIN | Mar 2018 | fcf_cagr_5yr_flag=BOTH_NEGATIVE
CAGR | SHRIRAMFIN | Mar 2019 | fcf_cagr_5yr_flag=BOTH_NEGATIVE
CAGR | SHRIRAMFIN | Mar 2020 | fcf_cagr_5yr_flag=BOTH_NEGATIVE
CAGR | SHRIRAMFIN | Mar 2021 | fcf_cagr_5yr_flag=BOTH_NEGATIVE
CAGR | SHRIRAMFIN | Mar 2022 | fcf_cagr_5yr_flag=BOTH_NEGATIVE
CAGR | SHRIRAMFIN | Mar 2023 | fcf_cagr_5yr_flag=BOTH_NEGATIVE
CAGR | SHRIRAMFIN | Mar 2024 | fcf_cagr_5yr_flag=BOTH_NEGATIVE
CAGR | SIEMENS | Sep 2021 | fcf_cagr_5yr_flag=DECLINE_TO_LOSS
CAGR | SIEMENS | Sep 2023 | fcf_cagr_5yr_flag=TURNAROUND
CAGR | SUNPHARMA | Mar 2023 | fcf_cagr_5yr_flag=DECLINE_TO_LOSS
CAGR | TATAMOTORS | Mar 2018 | fcf_cagr_5yr_flag=BOTH_NEGATIVE
CAGR | TATAMOTORS | Mar 2019 | fcf_cagr_5yr_flag=DECLINE_TO_LOSS
CAGR | TATAMOTORS | Mar 2020 | fcf_cagr_5yr_flag=BOTH_NEGATIVE
CAGR | TATAMOTORS | Mar 2022 | fcf_cagr_5yr_flag=TURNAROUND
CAGR | TATAMOTORS | Mar 2023 | fcf_cagr_5yr_flag=TURNAROUND
CAGR | TATAMOTORS | Mar 2024 | fcf_cagr_5yr_flag=TURNAROUND
CAGR | TATAPOWER | Mar 2018 | fcf_cagr_5yr_flag=TURNAROUND
CAGR | TATAPOWER | Mar 2022 | fcf_cagr_5yr_flag=TURNAROUND
CAGR | TATAPOWER | Mar 2023 | fcf_cagr_5yr_flag=DECLINE_TO_LOSS
CAGR | TATASTEEL | Mar 2018 | fcf_cagr_5yr_flag=DECLINE_TO_LOSS
CAGR | TATASTEEL | Mar 2019 | fcf_cagr_5yr_flag=BOTH_NEGATIVE
CAGR | TATASTEEL | Mar 2023 | fcf_cagr_5yr_flag=TURNAROUND
CAGR | TATASTEEL | Mar 2024 | fcf_cagr_5yr_flag=TURNAROUND
CAGR | TITAN | Mar 2019 | fcf_cagr_5yr_flag=TURNAROUND
CAGR | TITAN | Mar 2020 | fcf_cagr_5yr_flag=DECLINE_TO_LOSS
CAGR | TITAN | Mar 2023 | fcf_cagr_5yr_flag=DECLINE_TO_LOSS
CAGR | TORNTPHARM | Mar 2018 | fcf_cagr_5yr_flag=BOTH_NEGATIVE
CAGR | TORNTPHARM | Mar 2020 | fcf_cagr_5yr_flag=TURNAROUND
CAGR | TORNTPHARM | Mar 2023 | fcf_cagr_5yr_flag=TURNAROUND
CAGR | TRENT | Mar 2018 | fcf_cagr_5yr_flag=TURNAROUND
CAGR | TRENT | Mar 2019 | fcf_cagr_5yr_flag=BOTH_NEGATIVE
CAGR | TRENT | Mar 2020 | fcf_cagr_5yr_flag=BOTH_NEGATIVE
CAGR | TRENT | Mar 2024 | fcf_cagr_5yr_flag=TURNAROUND
CAGR | TVSMOTOR | Mar 2018 | fcf_cagr_5yr_flag=DECLINE_TO_LOSS
CAGR | TVSMOTOR | Mar 2019 | fcf_cagr_5yr_flag=DECLINE_TO_LOSS
CAGR | TVSMOTOR | Mar 2020 | fcf_cagr_5yr_flag=BOTH_NEGATIVE
CAGR | TVSMOTOR | Mar 2022 | fcf_cagr_5yr_flag=BOTH_NEGATIVE
CAGR | TVSMOTOR | Mar 2023 | fcf_cagr_5yr_flag=BOTH_NEGATIVE
CAGR | TVSMOTOR | Mar 2024 | fcf_cagr_5yr_flag=BOTH_NEGATIVE
CAGR | ADANIENSOL | Mar 2017 | revenue_cagr_3yr_flag=ZERO_BASE
CAGR | ADANIENSOL | Mar 2019 | revenue_cagr_5yr_flag=ZERO_BASE
CAGR | ADANIENSOL | Mar 2024 | revenue_cagr_10yr_flag=ZERO_BASE
CAGR | ADANIENSOL | Mar 2017 | pat_cagr_3yr_flag=ZERO_BASE
CAGR | ADANIENSOL | Mar 2018 | pat_cagr_3yr_flag=TURNAROUND
CAGR | ADANIGREEN | Mar 2020 | pat_cagr_3yr_flag=BOTH_NEGATIVE
CAGR | ADANIGREEN | Mar 2021 | pat_cagr_3yr_flag=TURNAROUND
CAGR | ADANIGREEN | Mar 2022 | pat_cagr_3yr_flag=TURNAROUND
CAGR | ADANIGREEN | Mar 2023 | pat_cagr_3yr_flag=TURNAROUND
CAGR | ADANIPOWER | Mar 2016 | pat_cagr_3yr_flag=TURNAROUND
CAGR | ADANIPOWER | Mar 2017 | pat_cagr_3yr_flag=BOTH_NEGATIVE
CAGR | ADANIPOWER | Mar 2018 | pat_cagr_3yr_flag=BOTH_NEGATIVE
CAGR | ADANIPOWER | Mar 2019 | pat_cagr_3yr_flag=DECLINE_TO_LOSS
CAGR | ADANIPOWER | Mar 2020 | pat_cagr_3yr_flag=BOTH_NEGATIVE
CAGR | ADANIPOWER | Mar 2021 | pat_cagr_3yr_flag=TURNAROUND
CAGR | ADANIPOWER | Mar 2022 | pat_cagr_3yr_flag=TURNAROUND
CAGR | ADANIPOWER | Mar 2023 | pat_cagr_3yr_flag=TURNAROUND
CAGR | BANKBARODA | Mar 2016 | pat_cagr_3yr_flag=DECLINE_TO_LOSS
CAGR | BANKBARODA | Mar 2018 | pat_cagr_3yr_flag=DECLINE_TO_LOSS
CAGR | BANKBARODA | Mar 2019 | pat_cagr_3yr_flag=TURNAROUND
CAGR | BANKBARODA | Mar 2021 | pat_cagr_3yr_flag=TURNAROUND
CAGR | BHARTIARTL | Mar 2020 | pat_cagr_3yr_flag=DECLINE_TO_LOSS
CAGR | BHARTIARTL | Mar 2021 | pat_cagr_3yr_flag=DECLINE_TO_LOSS
CAGR | BHARTIARTL | Mar 2023 | pat_cagr_3yr_flag=TURNAROUND
CAGR | BHARTIARTL | Mar 2024 | pat_cagr_3yr_flag=TURNAROUND
CAGR | BHEL | Mar 2016 | pat_cagr_3yr_flag=DECLINE_TO_LOSS
CAGR | BHEL | Mar 2019 | pat_cagr_3yr_flag=TURNAROUND
CAGR | BHEL | Mar 2020 | pat_cagr_3yr_flag=DECLINE_TO_LOSS
CAGR | BHEL | Mar 2021 | pat_cagr_3yr_flag=DECLINE_TO_LOSS
CAGR | BHEL | Mar 2023 | pat_cagr_3yr_flag=TURNAROUND
CAGR | BHEL | Mar 2024 | pat_cagr_3yr_flag=TURNAROUND
CAGR | CANBK | Mar 2016 | pat_cagr_3yr_flag=DECLINE_TO_LOSS
CAGR | CANBK | Mar 2018 | pat_cagr_3yr_flag=DECLINE_TO_LOSS
CAGR | CANBK | Mar 2019 | pat_cagr_3yr_flag=TURNAROUND
CAGR | CANBK | Mar 2020 | pat_cagr_3yr_flag=DECLINE_TO_LOSS
CAGR | CANBK | Mar 2021 | pat_cagr_3yr_flag=TURNAROUND
CAGR | CANBK | Mar 2023 | pat_cagr_3yr_flag=TURNAROUND
CAGR | DLF | Mar 2020 | pat_cagr_3yr_flag=DECLINE_TO_LOSS
CAGR | DLF | Mar 2023 | pat_cagr_3yr_flag=TURNAROUND
CAGR | GODREJCP | Mar 2024 | pat_cagr_3yr_flag=DECLINE_TO_LOSS
CAGR | HINDALCO | Mar 2016 | pat_cagr_3yr_flag=DECLINE_TO_LOSS
CAGR | HINDALCO | Mar 2019 | pat_cagr_3yr_flag=TURNAROUND
CAGR | INDIGO | Mar 2020 | pat_cagr_3yr_flag=DECLINE_TO_LOSS
CAGR | INDIGO | Mar 2021 | pat_cagr_3yr_flag=DECLINE_TO_LOSS
CAGR | INDIGO | Mar 2022 | pat_cagr_3yr_flag=DECLINE_TO_LOSS
CAGR | INDIGO | Mar 2023 | pat_cagr_3yr_flag=BOTH_NEGATIVE
CAGR | INDIGO | Mar 2024 | pat_cagr_3yr_flag=TURNAROUND
CAGR | IOC | Mar 2020 | pat_cagr_3yr_flag=DECLINE_TO_LOSS
CAGR | IOC | Mar 2023 | pat_cagr_3yr_flag=TURNAROUND
CAGR | JINDALSTEL | Mar 2016 | pat_cagr_3yr_flag=DECLINE_TO_LOSS
CAGR | JINDALSTEL | Mar 2017 | pat_cagr_3yr_flag=DECLINE_TO_LOSS
CAGR | JINDALSTEL | Mar 2018 | pat_cagr_3yr_flag=BOTH_NEGATIVE
CAGR | JINDALSTEL | Mar 2019 | pat_cagr_3yr_flag=BOTH_NEGATIVE
CAGR | JINDALSTEL | Mar 2020 | pat_cagr_3yr_flag=BOTH_NEGATIVE
CAGR | JINDALSTEL | Mar 2021 | pat_cagr_3yr_flag=TURNAROUND
CAGR | JINDALSTEL | Mar 2022 | pat_cagr_3yr_flag=TURNAROUND
CAGR | JINDALSTEL | Mar 2023 | pat_cagr_3yr_flag=TURNAROUND
CAGR | JSWSTEEL | Mar 2016 | pat_cagr_3yr_flag=DECLINE_TO_LOSS
CAGR | JSWSTEEL | Mar 2019 | pat_cagr_3yr_flag=TURNAROUND
CAGR | M&M | Mar 2020 | pat_cagr_3yr_flag=DECLINE_TO_LOSS
CAGR | M&M | Mar 2023 | pat_cagr_3yr_flag=TURNAROUND
CAGR | NAUKRI | Mar 2017 | pat_cagr_3yr_flag=DECLINE_TO_LOSS
CAGR | NAUKRI | Mar 2018 | pat_cagr_3yr_flag=TURNAROUND
CAGR | NAUKRI | Mar 2020 | pat_cagr_3yr_flag=BOTH_NEGATIVE
CAGR | NAUKRI | Mar 2023 | pat_cagr_3yr_flag=BOTH_NEGATIVE
CAGR | PNB | Mar 2016 | pat_cagr_3yr_flag=DECLINE_TO_LOSS
CAGR | PNB | Mar 2018 | pat_cagr_3yr_flag=DECLINE_TO_LOSS
CAGR | PNB | Mar 2019 | pat_cagr_3yr_flag=BOTH_NEGATIVE
CAGR | PNB | Mar 2021 | pat_cagr_3yr_flag=TURNAROUND
CAGR | PNB | Mar 2022 | pat_cagr_3yr_flag=TURNAROUND
CAGR | SBIN | Mar 2017 | pat_cagr_3yr_flag=DECLINE_TO_LOSS
CAGR | SBIN | Mar 2018 | pat_cagr_3yr_flag=DECLINE_TO_LOSS
CAGR | SBIN | Mar 2020 | pat_cagr_3yr_flag=TURNAROUND
CAGR | SBIN | Mar 2021 | pat_cagr_3yr_flag=TURNAROUND
CAGR | TATACONSUM | Mar 2016 | pat_cagr_3yr_flag=DECLINE_TO_LOSS
CAGR | TATACONSUM | Mar 2019 | pat_cagr_3yr_flag=TURNAROUND
CAGR | TATAMOTORS | Mar 2019 | pat_cagr_3yr_flag=DECLINE_TO_LOSS
CAGR | TATAMOTORS | Mar 2020 | pat_cagr_3yr_flag=DECLINE_TO_LOSS
CAGR | TATAMOTORS | Mar 2021 | pat_cagr_3yr_flag=DECLINE_TO_LOSS
CAGR | TATAMOTORS | Mar 2022 | pat_cagr_3yr_flag=BOTH_NEGATIVE
CAGR | TATAMOTORS | Mar 2023 | pat_cagr_3yr_flag=TURNAROUND
CAGR | TATAMOTORS | Mar 2024 | pat_cagr_3yr_flag=TURNAROUND
CAGR | TATASTEEL | Mar 2016 | pat_cagr_3yr_flag=BOTH_NEGATIVE
CAGR | TATASTEEL | Mar 2017 | pat_cagr_3yr_flag=DECLINE_TO_LOSS
CAGR | TATASTEEL | Mar 2018 | pat_cagr_3yr_flag=TURNAROUND
CAGR | TATASTEEL | Mar 2019 | pat_cagr_3yr_flag=TURNAROUND
CAGR | TATASTEEL | Mar 2020 | pat_cagr_3yr_flag=TURNAROUND
CAGR | TATASTEEL | Mar 2024 | pat_cagr_3yr_flag=DECLINE_TO_LOSS
CAGR | TRENT | Mar 2016 | pat_cagr_3yr_flag=TURNAROUND
CAGR | TRENT | Mar 2017 | pat_cagr_3yr_flag=TURNAROUND
CAGR | TRENT | Mar 2021 | pat_cagr_3yr_flag=DECLINE_TO_LOSS
CAGR | TRENT | Mar 2024 | pat_cagr_3yr_flag=TURNAROUND
CAGR | ADANIENSOL | Mar 2019 | pat_cagr_5yr_flag=ZERO_BASE
CAGR | ADANIENSOL | Mar 2020 | pat_cagr_5yr_flag=TURNAROUND
CAGR | ADANIGREEN | Mar 2022 | pat_cagr_5yr_flag=TURNAROUND
CAGR | ADANIGREEN | Mar 2023 | pat_cagr_5yr_flag=TURNAROUND
CAGR | ADANIGREEN | Mar 2024 | pat_cagr_5yr_flag=TURNAROUND
CAGR | ADANIPOWER | Mar 2018 | pat_cagr_5yr_flag=BOTH_NEGATIVE
CAGR | ADANIPOWER | Mar 2019 | pat_cagr_5yr_flag=BOTH_NEGATIVE
CAGR | ADANIPOWER | Mar 2020 | pat_cagr_5yr_flag=BOTH_NEGATIVE
CAGR | ADANIPOWER | Mar 2022 | pat_cagr_5yr_flag=TURNAROUND
CAGR | ADANIPOWER | Mar 2023 | pat_cagr_5yr_flag=TURNAROUND
CAGR | ADANIPOWER | Mar 2024 | pat_cagr_5yr_flag=TURNAROUND
CAGR | BANKBARODA | Mar 2018 | pat_cagr_5yr_flag=DECLINE_TO_LOSS
CAGR | BANKBARODA | Mar 2021 | pat_cagr_5yr_flag=TURNAROUND
CAGR | BANKBARODA | Mar 2023 | pat_cagr_5yr_flag=TURNAROUND
CAGR | BHARTIARTL | Mar 2020 | pat_cagr_5yr_flag=DECLINE_TO_LOSS
CAGR | BHARTIARTL | Mar 2021 | pat_cagr_5yr_flag=DECLINE_TO_LOSS
CAGR | BHEL | Mar 2020 | pat_cagr_5yr_flag=DECLINE_TO_LOSS
CAGR | BHEL | Mar 2021 | pat_cagr_5yr_flag=BOTH_NEGATIVE
CAGR | CANBK | Mar 2018 | pat_cagr_5yr_flag=DECLINE_TO_LOSS
CAGR | CANBK | Mar 2020 | pat_cagr_5yr_flag=DECLINE_TO_LOSS
CAGR | CANBK | Mar 2021 | pat_cagr_5yr_flag=TURNAROUND
CAGR | CANBK | Mar 2023 | pat_cagr_5yr_flag=TURNAROUND
CAGR | DLF | Mar 2020 | pat_cagr_5yr_flag=DECLINE_TO_LOSS
CAGR | GODREJCP | Mar 2024 | pat_cagr_5yr_flag=DECLINE_TO_LOSS
CAGR | HINDALCO | Mar 2021 | pat_cagr_5yr_flag=TURNAROUND
CAGR | INDIGO | Mar 2020 | pat_cagr_5yr_flag=DECLINE_TO_LOSS
CAGR | INDIGO | Mar 2021 | pat_cagr_5yr_flag=DECLINE_TO_LOSS
CAGR | INDIGO | Mar 2022 | pat_cagr_5yr_flag=DECLINE_TO_LOSS
CAGR | INDIGO | Mar 2023 | pat_cagr_5yr_flag=DECLINE_TO_LOSS
CAGR | IOC | Mar 2020 | pat_cagr_5yr_flag=DECLINE_TO_LOSS
CAGR | JINDALSTEL | Mar 2018 | pat_cagr_5yr_flag=DECLINE_TO_LOSS
CAGR | JINDALSTEL | Mar 2019 | pat_cagr_5yr_flag=DECLINE_TO_LOSS
CAGR | JINDALSTEL | Mar 2020 | pat_cagr_5yr_flag=BOTH_NEGATIVE
CAGR | JINDALSTEL | Mar 2021 | pat_cagr_5yr_flag=TURNAROUND
CAGR | JINDALSTEL | Mar 2022 | pat_cagr_5yr_flag=TURNAROUND
CAGR | JINDALSTEL | Mar 2023 | pat_cagr_5yr_flag=TURNAROUND
CAGR | JINDALSTEL | Mar 2024 | pat_cagr_5yr_flag=TURNAROUND
CAGR | JSWSTEEL | Mar 2021 | pat_cagr_5yr_flag=TURNAROUND
CAGR | M&M | Mar 2020 | pat_cagr_5yr_flag=DECLINE_TO_LOSS
CAGR | NAUKRI | Mar 2020 | pat_cagr_5yr_flag=BOTH_NEGATIVE
CAGR | NAUKRI | Mar 2022 | pat_cagr_5yr_flag=TURNAROUND
CAGR | NAUKRI | Mar 2023 | pat_cagr_5yr_flag=DECLINE_TO_LOSS
CAGR | PNB | Mar 2018 | pat_cagr_5yr_flag=DECLINE_TO_LOSS
CAGR | PNB | Mar 2019 | pat_cagr_5yr_flag=DECLINE_TO_LOSS
CAGR | PNB | Mar 2021 | pat_cagr_5yr_flag=TURNAROUND
CAGR | PNB | Mar 2023 | pat_cagr_5yr_flag=TURNAROUND
CAGR | PNB | Mar 2024 | pat_cagr_5yr_flag=TURNAROUND
CAGR | SBIN | Mar 2018 | pat_cagr_5yr_flag=DECLINE_TO_LOSS
CAGR | SBIN | Mar 2022 | pat_cagr_5yr_flag=TURNAROUND
CAGR | SBIN | Mar 2023 | pat_cagr_5yr_flag=TURNAROUND
CAGR | TATACONSUM | Mar 2021 | pat_cagr_5yr_flag=TURNAROUND
CAGR | TATAMOTORS | Mar 2019 | pat_cagr_5yr_flag=DECLINE_TO_LOSS
CAGR | TATAMOTORS | Mar 2020 | pat_cagr_5yr_flag=DECLINE_TO_LOSS
CAGR | TATAMOTORS | Mar 2021 | pat_cagr_5yr_flag=DECLINE_TO_LOSS
CAGR | TATAMOTORS | Mar 2022 | pat_cagr_5yr_flag=DECLINE_TO_LOSS
CAGR | TATAMOTORS | Mar 2024 | pat_cagr_5yr_flag=TURNAROUND
CAGR | TATASTEEL | Mar 2018 | pat_cagr_5yr_flag=TURNAROUND
CAGR | TATASTEEL | Mar 2020 | pat_cagr_5yr_flag=TURNAROUND
CAGR | TATASTEEL | Mar 2021 | pat_cagr_5yr_flag=TURNAROUND
CAGR | TATASTEEL | Mar 2022 | pat_cagr_5yr_flag=TURNAROUND
CAGR | TATASTEEL | Mar 2024 | pat_cagr_5yr_flag=DECLINE_TO_LOSS
CAGR | TRENT | Mar 2018 | pat_cagr_5yr_flag=TURNAROUND
CAGR | TRENT | Mar 2019 | pat_cagr_5yr_flag=TURNAROUND
CAGR | TRENT | Mar 2021 | pat_cagr_5yr_flag=DECLINE_TO_LOSS
CAGR | ADANIENSOL | Mar 2024 | pat_cagr_10yr_flag=ZERO_BASE
CAGR | ADANIPOWER | Mar 2023 | pat_cagr_10yr_flag=TURNAROUND
CAGR | ADANIPOWER | Mar 2024 | pat_cagr_10yr_flag=TURNAROUND
CAGR | GODREJCP | Mar 2024 | pat_cagr_10yr_flag=DECLINE_TO_LOSS
CAGR | INDIGO | Mar 2023 | pat_cagr_10yr_flag=DECLINE_TO_LOSS
CAGR | NAUKRI | Mar 2023 | pat_cagr_10yr_flag=DECLINE_TO_LOSS
CAGR | TATASTEEL | Mar 2023 | pat_cagr_10yr_flag=TURNAROUND
CAGR | TATASTEEL | Mar 2024 | pat_cagr_10yr_flag=DECLINE_TO_LOSS
CAGR | TRENT | Mar 2023 | pat_cagr_10yr_flag=TURNAROUND
CAGR | TRENT | Mar 2024 | pat_cagr_10yr_flag=TURNAROUND
CAGR | ADANIENSOL | Mar 2017 | eps_cagr_3yr_flag=ZERO_BASE
CAGR | ADANIENSOL | Mar 2018 | eps_cagr_3yr_flag=ZERO_BASE
CAGR | ADANIGREEN | Mar 2020 | eps_cagr_3yr_flag=ZERO_BASE
CAGR | ADANIGREEN | Mar 2021 | eps_cagr_3yr_flag=TURNAROUND
CAGR | ADANIGREEN | Mar 2022 | eps_cagr_3yr_flag=TURNAROUND
CAGR | ADANIGREEN | Mar 2023 | eps_cagr_3yr_flag=ZERO_BASE
CAGR | ADANIPOWER | Mar 2016 | eps_cagr_3yr_flag=TURNAROUND
CAGR | ADANIPOWER | Mar 2017 | eps_cagr_3yr_flag=BOTH_NEGATIVE
CAGR | ADANIPOWER | Mar 2018 | eps_cagr_3yr_flag=BOTH_NEGATIVE
CAGR | ADANIPOWER | Mar 2019 | eps_cagr_3yr_flag=DECLINE_TO_LOSS
CAGR | ADANIPOWER | Mar 2020 | eps_cagr_3yr_flag=BOTH_NEGATIVE
CAGR | ADANIPOWER | Mar 2021 | eps_cagr_3yr_flag=TURNAROUND
CAGR | ADANIPOWER | Mar 2022 | eps_cagr_3yr_flag=TURNAROUND
CAGR | ADANIPOWER | Mar 2023 | eps_cagr_3yr_flag=TURNAROUND
CAGR | BANKBARODA | Mar 2016 | eps_cagr_3yr_flag=DECLINE_TO_LOSS
CAGR | BANKBARODA | Mar 2018 | eps_cagr_3yr_flag=DECLINE_TO_LOSS
CAGR | BANKBARODA | Mar 2019 | eps_cagr_3yr_flag=TURNAROUND
CAGR | BANKBARODA | Mar 2021 | eps_cagr_3yr_flag=TURNAROUND
CAGR | BHARTIARTL | Mar 2020 | eps_cagr_3yr_flag=DECLINE_TO_LOSS
CAGR | BHARTIARTL | Mar 2021 | eps_cagr_3yr_flag=DECLINE_TO_LOSS
CAGR | BHARTIARTL | Mar 2023 | eps_cagr_3yr_flag=TURNAROUND
CAGR | BHARTIARTL | Mar 2024 | eps_cagr_3yr_flag=TURNAROUND
CAGR | BHEL | Mar 2016 | eps_cagr_3yr_flag=DECLINE_TO_LOSS
CAGR | BHEL | Mar 2019 | eps_cagr_3yr_flag=TURNAROUND
CAGR | BHEL | Mar 2020 | eps_cagr_3yr_flag=DECLINE_TO_LOSS
CAGR | BHEL | Mar 2021 | eps_cagr_3yr_flag=DECLINE_TO_LOSS
CAGR | BHEL | Mar 2023 | eps_cagr_3yr_flag=TURNAROUND
CAGR | BHEL | Mar 2024 | eps_cagr_3yr_flag=TURNAROUND
CAGR | CANBK | Mar 2016 | eps_cagr_3yr_flag=DECLINE_TO_LOSS
CAGR | CANBK | Mar 2018 | eps_cagr_3yr_flag=DECLINE_TO_LOSS
CAGR | CANBK | Mar 2019 | eps_cagr_3yr_flag=TURNAROUND
CAGR | CANBK | Mar 2020 | eps_cagr_3yr_flag=DECLINE_TO_LOSS
CAGR | CANBK | Mar 2021 | eps_cagr_3yr_flag=TURNAROUND
CAGR | CANBK | Mar 2023 | eps_cagr_3yr_flag=TURNAROUND
CAGR | DLF | Mar 2020 | eps_cagr_3yr_flag=DECLINE_TO_LOSS
CAGR | DLF | Mar 2023 | eps_cagr_3yr_flag=TURNAROUND
CAGR | GODREJCP | Mar 2024 | eps_cagr_3yr_flag=DECLINE_TO_LOSS
CAGR | HINDALCO | Mar 2016 | eps_cagr_3yr_flag=DECLINE_TO_LOSS
CAGR | HINDALCO | Mar 2019 | eps_cagr_3yr_flag=TURNAROUND
CAGR | INDIGO | Mar 2020 | eps_cagr_3yr_flag=DECLINE_TO_LOSS
CAGR | INDIGO | Mar 2021 | eps_cagr_3yr_flag=DECLINE_TO_LOSS
CAGR | INDIGO | Mar 2022 | eps_cagr_3yr_flag=DECLINE_TO_LOSS
CAGR | INDIGO | Mar 2023 | eps_cagr_3yr_flag=BOTH_NEGATIVE
CAGR | INDIGO | Mar 2024 | eps_cagr_3yr_flag=TURNAROUND
CAGR | IOC | Mar 2020 | eps_cagr_3yr_flag=DECLINE_TO_LOSS
CAGR | IOC | Mar 2023 | eps_cagr_3yr_flag=TURNAROUND
CAGR | JINDALSTEL | Mar 2016 | eps_cagr_3yr_flag=DECLINE_TO_LOSS
CAGR | JINDALSTEL | Mar 2017 | eps_cagr_3yr_flag=DECLINE_TO_LOSS
CAGR | JINDALSTEL | Mar 2018 | eps_cagr_3yr_flag=BOTH_NEGATIVE
CAGR | JINDALSTEL | Mar 2019 | eps_cagr_3yr_flag=BOTH_NEGATIVE
CAGR | JINDALSTEL | Mar 2020 | eps_cagr_3yr_flag=BOTH_NEGATIVE
CAGR | JINDALSTEL | Mar 2021 | eps_cagr_3yr_flag=TURNAROUND
CAGR | JINDALSTEL | Mar 2022 | eps_cagr_3yr_flag=TURNAROUND
CAGR | JINDALSTEL | Mar 2023 | eps_cagr_3yr_flag=TURNAROUND
CAGR | JSWENERGY | Mar 2021 | eps_cagr_3yr_flag=ZERO_BASE
CAGR | JSWSTEEL | Mar 2016 | eps_cagr_3yr_flag=DECLINE_TO_LOSS
CAGR | JSWSTEEL | Mar 2019 | eps_cagr_3yr_flag=TURNAROUND
CAGR | NAUKRI | Mar 2017 | eps_cagr_3yr_flag=DECLINE_TO_LOSS
CAGR | NAUKRI | Mar 2020 | eps_cagr_3yr_flag=BOTH_NEGATIVE
CAGR | NAUKRI | Mar 2023 | eps_cagr_3yr_flag=BOTH_NEGATIVE
CAGR | PNB | Mar 2016 | eps_cagr_3yr_flag=DECLINE_TO_LOSS
CAGR | PNB | Mar 2018 | eps_cagr_3yr_flag=DECLINE_TO_LOSS
CAGR | PNB | Mar 2019 | eps_cagr_3yr_flag=BOTH_NEGATIVE
CAGR | PNB | Mar 2021 | eps_cagr_3yr_flag=TURNAROUND
CAGR | PNB | Mar 2022 | eps_cagr_3yr_flag=TURNAROUND
CAGR | SBIN | Mar 2018 | eps_cagr_3yr_flag=DECLINE_TO_LOSS
CAGR | SBIN | Mar 2020 | eps_cagr_3yr_flag=ZERO_BASE
CAGR | SBIN | Mar 2021 | eps_cagr_3yr_flag=TURNAROUND
CAGR | TATACONSUM | Mar 2019 | eps_cagr_3yr_flag=ZERO_BASE
CAGR | TATAMOTORS | Mar 2019 | eps_cagr_3yr_flag=DECLINE_TO_LOSS
CAGR | TATAMOTORS | Mar 2020 | eps_cagr_3yr_flag=DECLINE_TO_LOSS
CAGR | TATAMOTORS | Mar 2021 | eps_cagr_3yr_flag=DECLINE_TO_LOSS
CAGR | TATAMOTORS | Mar 2022 | eps_cagr_3yr_flag=BOTH_NEGATIVE
CAGR | TATAMOTORS | Mar 2023 | eps_cagr_3yr_flag=TURNAROUND
CAGR | TATAMOTORS | Mar 2024 | eps_cagr_3yr_flag=TURNAROUND
CAGR | TATAPOWER | Mar 2016 | eps_cagr_3yr_flag=ZERO_BASE
CAGR | TATAPOWER | Mar 2017 | eps_cagr_3yr_flag=TURNAROUND
CAGR | TATASTEEL | Mar 2017 | eps_cagr_3yr_flag=DECLINE_TO_LOSS
CAGR | TATASTEEL | Mar 2018 | eps_cagr_3yr_flag=TURNAROUND
CAGR | TATASTEEL | Mar 2019 | eps_cagr_3yr_flag=ZERO_BASE
CAGR | TATASTEEL | Mar 2020 | eps_cagr_3yr_flag=TURNAROUND
CAGR | TATASTEEL | Mar 2024 | eps_cagr_3yr_flag=DECLINE_TO_LOSS
CAGR | TRENT | Mar 2016 | eps_cagr_3yr_flag=TURNAROUND
CAGR | TRENT | Mar 2017 | eps_cagr_3yr_flag=TURNAROUND
CAGR | TRENT | Mar 2021 | eps_cagr_3yr_flag=DECLINE_TO_LOSS
CAGR | TRENT | Mar 2024 | eps_cagr_3yr_flag=TURNAROUND
CAGR | ADANIENSOL | Mar 2019 | eps_cagr_5yr_flag=ZERO_BASE
CAGR | ADANIENSOL | Mar 2020 | eps_cagr_5yr_flag=ZERO_BASE
CAGR | ADANIGREEN | Mar 2022 | eps_cagr_5yr_flag=ZERO_BASE
CAGR | ADANIGREEN | Mar 2023 | eps_cagr_5yr_flag=TURNAROUND
CAGR | ADANIGREEN | Mar 2024 | eps_cagr_5yr_flag=TURNAROUND
CAGR | ADANIPOWER | Mar 2018 | eps_cagr_5yr_flag=BOTH_NEGATIVE
CAGR | ADANIPOWER | Mar 2019 | eps_cagr_5yr_flag=BOTH_NEGATIVE
CAGR | ADANIPOWER | Mar 2020 | eps_cagr_5yr_flag=BOTH_NEGATIVE
CAGR | ADANIPOWER | Mar 2022 | eps_cagr_5yr_flag=TURNAROUND
CAGR | ADANIPOWER | Mar 2023 | eps_cagr_5yr_flag=TURNAROUND
CAGR | ADANIPOWER | Mar 2024 | eps_cagr_5yr_flag=TURNAROUND
CAGR | BANKBARODA | Mar 2018 | eps_cagr_5yr_flag=DECLINE_TO_LOSS
CAGR | BANKBARODA | Mar 2021 | eps_cagr_5yr_flag=TURNAROUND
CAGR | BANKBARODA | Mar 2023 | eps_cagr_5yr_flag=TURNAROUND
CAGR | BHARTIARTL | Mar 2020 | eps_cagr_5yr_flag=DECLINE_TO_LOSS
CAGR | BHARTIARTL | Mar 2021 | eps_cagr_5yr_flag=DECLINE_TO_LOSS
CAGR | BHEL | Mar 2020 | eps_cagr_5yr_flag=DECLINE_TO_LOSS
CAGR | BHEL | Mar 2021 | eps_cagr_5yr_flag=BOTH_NEGATIVE
CAGR | CANBK | Mar 2018 | eps_cagr_5yr_flag=DECLINE_TO_LOSS
CAGR | CANBK | Mar 2020 | eps_cagr_5yr_flag=DECLINE_TO_LOSS
CAGR | CANBK | Mar 2021 | eps_cagr_5yr_flag=TURNAROUND
CAGR | CANBK | Mar 2023 | eps_cagr_5yr_flag=TURNAROUND
CAGR | DLF | Mar 2020 | eps_cagr_5yr_flag=DECLINE_TO_LOSS
CAGR | GODREJCP | Mar 2024 | eps_cagr_5yr_flag=DECLINE_TO_LOSS
CAGR | HINDALCO | Mar 2021 | eps_cagr_5yr_flag=TURNAROUND
CAGR | INDIGO | Mar 2020 | eps_cagr_5yr_flag=DECLINE_TO_LOSS
CAGR | INDIGO | Mar 2021 | eps_cagr_5yr_flag=DECLINE_TO_LOSS
CAGR | INDIGO | Mar 2022 | eps_cagr_5yr_flag=DECLINE_TO_LOSS
CAGR | INDIGO | Mar 2023 | eps_cagr_5yr_flag=DECLINE_TO_LOSS
CAGR | IOC | Mar 2020 | eps_cagr_5yr_flag=DECLINE_TO_LOSS
CAGR | JINDALSTEL | Mar 2018 | eps_cagr_5yr_flag=DECLINE_TO_LOSS
CAGR | JINDALSTEL | Mar 2019 | eps_cagr_5yr_flag=DECLINE_TO_LOSS
CAGR | JINDALSTEL | Mar 2020 | eps_cagr_5yr_flag=BOTH_NEGATIVE
CAGR | JINDALSTEL | Mar 2021 | eps_cagr_5yr_flag=TURNAROUND
CAGR | JINDALSTEL | Mar 2022 | eps_cagr_5yr_flag=TURNAROUND
CAGR | JINDALSTEL | Mar 2023 | eps_cagr_5yr_flag=TURNAROUND
CAGR | JINDALSTEL | Mar 2024 | eps_cagr_5yr_flag=TURNAROUND
CAGR | JSWENERGY | Mar 2023 | eps_cagr_5yr_flag=ZERO_BASE
CAGR | JSWSTEEL | Mar 2021 | eps_cagr_5yr_flag=TURNAROUND
CAGR | NAUKRI | Mar 2020 | eps_cagr_5yr_flag=DECLINE_TO_LOSS
CAGR | NAUKRI | Mar 2022 | eps_cagr_5yr_flag=TURNAROUND
CAGR | NAUKRI | Mar 2023 | eps_cagr_5yr_flag=DECLINE_TO_LOSS
CAGR | PNB | Mar 2018 | eps_cagr_5yr_flag=DECLINE_TO_LOSS
CAGR | PNB | Mar 2019 | eps_cagr_5yr_flag=DECLINE_TO_LOSS
CAGR | PNB | Mar 2021 | eps_cagr_5yr_flag=TURNAROUND
CAGR | PNB | Mar 2023 | eps_cagr_5yr_flag=TURNAROUND
CAGR | PNB | Mar 2024 | eps_cagr_5yr_flag=TURNAROUND
CAGR | SBIN | Mar 2018 | eps_cagr_5yr_flag=DECLINE_TO_LOSS
CAGR | SBIN | Mar 2022 | eps_cagr_5yr_flag=ZERO_BASE
CAGR | SBIN | Mar 2023 | eps_cagr_5yr_flag=TURNAROUND
CAGR | TATACONSUM | Mar 2021 | eps_cagr_5yr_flag=ZERO_BASE
CAGR | TATAMOTORS | Mar 2019 | eps_cagr_5yr_flag=DECLINE_TO_LOSS
CAGR | TATAMOTORS | Mar 2020 | eps_cagr_5yr_flag=DECLINE_TO_LOSS
CAGR | TATAMOTORS | Mar 2021 | eps_cagr_5yr_flag=DECLINE_TO_LOSS
CAGR | TATAMOTORS | Mar 2022 | eps_cagr_5yr_flag=DECLINE_TO_LOSS
CAGR | TATAMOTORS | Mar 2024 | eps_cagr_5yr_flag=TURNAROUND
CAGR | TATAPOWER | Mar 2018 | eps_cagr_5yr_flag=ZERO_BASE
CAGR | TATAPOWER | Mar 2019 | eps_cagr_5yr_flag=TURNAROUND
CAGR | TATASTEEL | Mar 2018 | eps_cagr_5yr_flag=TURNAROUND
CAGR | TATASTEEL | Mar 2020 | eps_cagr_5yr_flag=TURNAROUND
CAGR | TATASTEEL | Mar 2021 | eps_cagr_5yr_flag=ZERO_BASE
CAGR | TATASTEEL | Mar 2022 | eps_cagr_5yr_flag=TURNAROUND
CAGR | TATASTEEL | Mar 2024 | eps_cagr_5yr_flag=DECLINE_TO_LOSS
CAGR | TRENT | Mar 2018 | eps_cagr_5yr_flag=TURNAROUND
CAGR | TRENT | Mar 2019 | eps_cagr_5yr_flag=TURNAROUND
CAGR | TRENT | Mar 2021 | eps_cagr_5yr_flag=DECLINE_TO_LOSS
CAGR | ADANIENSOL | Mar 2024 | eps_cagr_10yr_flag=ZERO_BASE
CAGR | ADANIPOWER | Mar 2023 | eps_cagr_10yr_flag=TURNAROUND
CAGR | ADANIPOWER | Mar 2024 | eps_cagr_10yr_flag=TURNAROUND
CAGR | GODREJCP | Mar 2024 | eps_cagr_10yr_flag=DECLINE_TO_LOSS
CAGR | INDIGO | Mar 2023 | eps_cagr_10yr_flag=DECLINE_TO_LOSS
CAGR | NAUKRI | Mar 2023 | eps_cagr_10yr_flag=DECLINE_TO_LOSS
CAGR | TATAPOWER | Mar 2023 | eps_cagr_10yr_flag=ZERO_BASE
CAGR | TATAPOWER | Mar 2024 | eps_cagr_10yr_flag=TURNAROUND
CAGR | TATASTEEL | Mar 2023 | eps_cagr_10yr_flag=TURNAROUND
CAGR | TATASTEEL | Mar 2024 | eps_cagr_10yr_flag=DECLINE_TO_LOSS
CAGR | TRENT | Mar 2023 | eps_cagr_10yr_flag=TURNAROUND
CAGR | TRENT | Mar 2024 | eps_cagr_10yr_flag=TURNAROUND
DEBT_FREE | ABB | Dec 2012 | ICR=N/A
DEBT_FREE | ABB | Mar 2014 | ICR=N/A
DEBT_FREE | ABB | Mar 2015 | ICR=N/A
DEBT_FREE | ADANIENSOL | Mar 2014 | ICR=N/A
DEBT_FREE | BAJAJHLDNG | Mar 2013 | ICR=N/A
DEBT_FREE | BAJAJHLDNG | Mar 2014 | ICR=N/A
DEBT_FREE | BAJAJHLDNG | Mar 2015 | ICR=N/A
DEBT_FREE | BAJAJHLDNG | Mar 2016 | ICR=N/A
DEBT_FREE | BAJAJHLDNG | Mar 2017 | ICR=N/A
DEBT_FREE | BAJAJHLDNG | Mar 2018 | ICR=N/A
DEBT_FREE | BAJAJHLDNG | Mar 2019 | ICR=N/A
DEBT_FREE | BOSCHLTD | Dec 2013 | ICR=N/A
DEBT_FREE | CHOLAFIN | Mar 2015 | ICR=N/A
DEBT_FREE | CHOLAFIN | Mar 2018 | ICR=N/A
DEBT_FREE | CHOLAFIN | Mar 2020 | ICR=N/A
DEBT_FREE | ICICIGI | Mar 2016 | ICR=N/A
DEBT_FREE | ICICIPRULI | Mar 2016 | ICR=N/A
DEBT_FREE | INFY | Mar 2016 | ICR=N/A
DEBT_FREE | INFY | Mar 2017 | ICR=N/A
DEBT_FREE | INFY | Mar 2018 | ICR=N/A
DEBT_FREE | INFY | Mar 2019 | ICR=N/A
DEBT_FREE | IRCTC | Mar 2015 | ICR=N/A
DEBT_FREE | IRCTC | Mar 2016 | ICR=N/A
DEBT_FREE | JIOFIN | Mar 2023 | ICR=N/A
DEBT_FREE | JIOFIN | TTM | ICR=N/A
DEBT_FREE | LICI | Mar 2019 | ICR=N/A
DEBT_FREE | LICI | Mar 2020 | ICR=N/A
DEBT_FREE | LICI | Mar 2021 | ICR=N/A
DEBT_FREE | LICI | Mar 2022 | ICR=N/A
DEBT_FREE | LICI | TTM | ICR=N/A
DEBT_FREE | PNB | Mar 2013 | ICR=N/A
DEBT_FREE | PNB | Mar 2014 | ICR=N/A
DEBT_FREE | PNB | Mar 2015 | ICR=N/A
DEBT_FREE | PNB | Mar 2016 | ICR=N/A
DEBT_FREE | PNB | Mar 2017 | ICR=N/A
DEBT_FREE | PNB | Mar 2018 | ICR=N/A
DEBT_FREE | PNB | Mar 2019 | ICR=N/A
DEBT_FREE | PNB | Mar 2020 | ICR=N/A
DEBT_FREE | PNB | Mar 2021 | ICR=N/A
DEBT_FREE | PNB | Mar 2022 | ICR=N/A
DEBT_FREE | PNB | Mar 2023 | ICR=N/A
DEBT_FREE | PNB | Mar 2024 | ICR=N/A
DEBT_FREE | PNB | TTM | ICR=N/A
DEBT_FREE | SBILIFE | Mar 2020 | ICR=N/A
DEBT_FREE | SBILIFE | Mar 2021 | ICR=N/A
DEBT_FREE | SBILIFE | Mar 2022 | ICR=N/A
DEBT_FREE | SBILIFE | TTM | ICR=N/A
NULL_RATIO | ADANIENSOL | Mar 2014 | net_profit_margin_pct
NULL_RATIO | ABB | TTM | return_on_equity_pct
NULL_RATIO | ADANIENSOL | TTM | return_on_equity_pct
NULL_RATIO | ADANIENT | TTM | return_on_equity_pct
NULL_RATIO | ADANIGREEN | TTM | return_on_equity_pct
NULL_RATIO | ADANIPORTS | TTM | return_on_equity_pct
NULL_RATIO | ADANIPOWER | TTM | return_on_equity_pct
NULL_RATIO | AMBUJACEM | Mar 2023 15 | return_on_equity_pct
NULL_RATIO | AMBUJACEM | TTM | return_on_equity_pct
NULL_RATIO | APOLLOHOSP | TTM | return_on_equity_pct
NULL_RATIO | ASIANPAINT | TTM | return_on_equity_pct
NULL_RATIO | ATGL | TTM | return_on_equity_pct
NULL_RATIO | AXISBANK | TTM | return_on_equity_pct
NULL_RATIO | BAJAJ-AUTO | TTM | return_on_equity_pct
NULL_RATIO | BAJAJFINSV | TTM | return_on_equity_pct
NULL_RATIO | BAJAJHLDNG | TTM | return_on_equity_pct
NULL_RATIO | BAJFINANCE | TTM | return_on_equity_pct
NULL_RATIO | BANKBARODA | TTM | return_on_equity_pct
NULL_RATIO | BEL | TTM | return_on_equity_pct
NULL_RATIO | BHARTIARTL | TTM | return_on_equity_pct
NULL_RATIO | BHEL | TTM | return_on_equity_pct
NULL_RATIO | BOSCHLTD | TTM | return_on_equity_pct
NULL_RATIO | BPCL | TTM | return_on_equity_pct
NULL_RATIO | BRITANNIA | TTM | return_on_equity_pct
NULL_RATIO | CANBK | TTM | return_on_equity_pct
NULL_RATIO | CHOLAFIN | TTM | return_on_equity_pct
NULL_RATIO | CIPLA | TTM | return_on_equity_pct
NULL_RATIO | COALINDIA | TTM | return_on_equity_pct
NULL_RATIO | DABUR | TTM | return_on_equity_pct
NULL_RATIO | DIVISLAB | TTM | return_on_equity_pct
NULL_RATIO | DLF | TTM | return_on_equity_pct
NULL_RATIO | DMART | TTM | return_on_equity_pct
NULL_RATIO | DRREDDY | TTM | return_on_equity_pct
NULL_RATIO | EICHERMOT | TTM | return_on_equity_pct
NULL_RATIO | GAIL | TTM | return_on_equity_pct
NULL_RATIO | GODREJCP | TTM | return_on_equity_pct
NULL_RATIO | GRASIM | TTM | return_on_equity_pct
NULL_RATIO | HAL | Mar 2013 | return_on_equity_pct
NULL_RATIO | HAL | Mar 2014 | return_on_equity_pct
NULL_RATIO | HAL | Mar 2015 | return_on_equity_pct
NULL_RATIO | HAL | TTM | return_on_equity_pct
NULL_RATIO | HAVELLS | TTM | return_on_equity_pct
NULL_RATIO | HCLTECH | Mar 2016 9m | return_on_equity_pct
NULL_RATIO | HCLTECH | TTM | return_on_equity_pct
NULL_RATIO | HDFCBANK | TTM | return_on_equity_pct
NULL_RATIO | HDFCLIFE | TTM | return_on_equity_pct
NULL_RATIO | HEROMOTOCO | TTM | return_on_equity_pct
NULL_RATIO | HINDALCO | TTM | return_on_equity_pct
NULL_RATIO | HINDUNILVR | TTM | return_on_equity_pct
NULL_RATIO | ICICIBANK | TTM | return_on_equity_pct
NULL_RATIO | ICICIGI | TTM | return_on_equity_pct
NULL_RATIO | ICICIPRULI | TTM | return_on_equity_pct
NULL_RATIO | INDIGO | TTM | return_on_equity_pct
NULL_RATIO | INDUSINDBK | TTM | return_on_equity_pct
NULL_RATIO | INFY | TTM | return_on_equity_pct
NULL_RATIO | IOC | TTM | return_on_equity_pct
NULL_RATIO | IRCTC | TTM | return_on_equity_pct
NULL_RATIO | IRFC | TTM | return_on_equity_pct
NULL_RATIO | ITC | TTM | return_on_equity_pct
NULL_RATIO | JINDALSTEL | TTM | return_on_equity_pct
NULL_RATIO | JIOFIN | TTM | return_on_equity_pct
NULL_RATIO | JSWENERGY | TTM | return_on_equity_pct
NULL_RATIO | JSWSTEEL | TTM | return_on_equity_pct
NULL_RATIO | KOTAKBANK | TTM | return_on_equity_pct
NULL_RATIO | LICI | TTM | return_on_equity_pct
NULL_RATIO | LODHA | TTM | return_on_equity_pct
NULL_RATIO | LT | TTM | return_on_equity_pct
NULL_RATIO | LTIM | TTM | return_on_equity_pct
NULL_RATIO | M&M | TTM | return_on_equity_pct
NULL_RATIO | MARUTI | TTM | return_on_equity_pct
NULL_RATIO | MOTHERSON | TTM | return_on_equity_pct
NULL_RATIO | NAUKRI | TTM | return_on_equity_pct
NULL_RATIO | NESTLEIND | TTM | return_on_equity_pct
NULL_RATIO | NHPC | TTM | return_on_equity_pct
NULL_RATIO | NTPC | TTM | return_on_equity_pct
NULL_RATIO | ONGC | TTM | return_on_equity_pct
NULL_RATIO | PFC | TTM | return_on_equity_pct
NULL_RATIO | PIDILITIND | TTM | return_on_equity_pct
NULL_RATIO | PNB | TTM | return_on_equity_pct
NULL_RATIO | POWERGRID | TTM | return_on_equity_pct
NULL_RATIO | RECLTD | TTM | return_on_equity_pct
NULL_RATIO | RELIANCE | TTM | return_on_equity_pct
NULL_RATIO | SBILIFE | TTM | return_on_equity_pct
NULL_RATIO | SBIN | Mar 2013 | return_on_equity_pct
NULL_RATIO | SBIN | Mar 2014 | return_on_equity_pct
NULL_RATIO | SBIN | Mar 2015 | return_on_equity_pct
NULL_RATIO | SBIN | Mar 2016 | return_on_equity_pct
NULL_RATIO | SBIN | Mar 2017 | return_on_equity_pct
NULL_RATIO | SBIN | Mar 2018 | return_on_equity_pct
NULL_RATIO | SBIN | Mar 2019 | return_on_equity_pct
NULL_RATIO | SBIN | Mar 2020 | return_on_equity_pct
NULL_RATIO | SBIN | Mar 2021 | return_on_equity_pct
NULL_RATIO | SBIN | Mar 2022 | return_on_equity_pct
NULL_RATIO | SBIN | Mar 2023 | return_on_equity_pct
NULL_RATIO | SBIN | Mar 2024 | return_on_equity_pct
NULL_RATIO | SBIN | TTM | return_on_equity_pct
NULL_RATIO | SHREECEM | Mar 2016 9m | return_on_equity_pct
NULL_RATIO | SHREECEM | TTM | return_on_equity_pct
NULL_RATIO | SHRIRAMFIN | TTM | return_on_equity_pct
NULL_RATIO | SUNPHARMA | TTM | return_on_equity_pct
NULL_RATIO | TATACONSUM | TTM | return_on_equity_pct
NULL_RATIO | TATAMOTORS | TTM | return_on_equity_pct
NULL_RATIO | TATAPOWER | TTM | return_on_equity_pct
NULL_RATIO | TATASTEEL | TTM | return_on_equity_pct
NULL_RATIO | TCS | TTM | return_on_equity_pct
NULL_RATIO | TECHM | TTM | return_on_equity_pct
NULL_RATIO | TITAN | TTM | return_on_equity_pct
NULL_RATIO | TORNTPHARM | TTM | return_on_equity_pct
NULL_RATIO | TRENT | TTM | return_on_equity_pct
NULL_RATIO | TVSMOTOR | TTM | return_on_equity_pct
NULL_RATIO | ABB | TTM | return_on_assets_pct
NULL_RATIO | ADANIENSOL | Mar 2014 | return_on_assets_pct
NULL_RATIO | ADANIENSOL | TTM | return_on_assets_pct
NULL_RATIO | ADANIENT | TTM | return_on_assets_pct
NULL_RATIO | ADANIGREEN | TTM | return_on_assets_pct
NULL_RATIO | ADANIPORTS | TTM | return_on_assets_pct
NULL_RATIO | ADANIPOWER | TTM | return_on_assets_pct
NULL_RATIO | AMBUJACEM | Mar 2023 15 | return_on_assets_pct
NULL_RATIO | AMBUJACEM | TTM | return_on_assets_pct
NULL_RATIO | APOLLOHOSP | TTM | return_on_assets_pct
NULL_RATIO | ASIANPAINT | TTM | return_on_assets_pct
NULL_RATIO | ATGL | TTM | return_on_assets_pct
NULL_RATIO | AXISBANK | TTM | return_on_assets_pct
NULL_RATIO | BAJAJ-AUTO | TTM | return_on_assets_pct
NULL_RATIO | BAJAJFINSV | TTM | return_on_assets_pct
NULL_RATIO | BAJAJHLDNG | TTM | return_on_assets_pct
NULL_RATIO | BAJFINANCE | TTM | return_on_assets_pct
NULL_RATIO | BANKBARODA | TTM | return_on_assets_pct
NULL_RATIO | BEL | TTM | return_on_assets_pct
NULL_RATIO | BHARTIARTL | TTM | return_on_assets_pct
NULL_RATIO | BHEL | TTM | return_on_assets_pct
NULL_RATIO | BOSCHLTD | TTM | return_on_assets_pct
NULL_RATIO | BPCL | TTM | return_on_assets_pct
NULL_RATIO | BRITANNIA | TTM | return_on_assets_pct
NULL_RATIO | CANBK | TTM | return_on_assets_pct
NULL_RATIO | CHOLAFIN | TTM | return_on_assets_pct
NULL_RATIO | CIPLA | TTM | return_on_assets_pct
NULL_RATIO | COALINDIA | TTM | return_on_assets_pct
NULL_RATIO | DABUR | TTM | return_on_assets_pct
NULL_RATIO | DIVISLAB | TTM | return_on_assets_pct
NULL_RATIO | DLF | TTM | return_on_assets_pct
NULL_RATIO | DMART | TTM | return_on_assets_pct
NULL_RATIO | DRREDDY | TTM | return_on_assets_pct
NULL_RATIO | EICHERMOT | TTM | return_on_assets_pct
NULL_RATIO | GAIL | TTM | return_on_assets_pct
NULL_RATIO | GODREJCP | TTM | return_on_assets_pct
NULL_RATIO | GRASIM | TTM | return_on_assets_pct
NULL_RATIO | HAL | Mar 2013 | return_on_assets_pct
NULL_RATIO | HAL | Mar 2014 | return_on_assets_pct
NULL_RATIO | HAL | Mar 2015 | return_on_assets_pct
NULL_RATIO | HAL | TTM | return_on_assets_pct
NULL_RATIO | HAVELLS | TTM | return_on_assets_pct
NULL_RATIO | HCLTECH | Mar 2016 9m | return_on_assets_pct
NULL_RATIO | HCLTECH | TTM | return_on_assets_pct
NULL_RATIO | HDFCBANK | TTM | return_on_assets_pct
NULL_RATIO | HDFCLIFE | TTM | return_on_assets_pct
NULL_RATIO | HEROMOTOCO | TTM | return_on_assets_pct
NULL_RATIO | HINDALCO | TTM | return_on_assets_pct
NULL_RATIO | HINDUNILVR | TTM | return_on_assets_pct
NULL_RATIO | ICICIBANK | TTM | return_on_assets_pct
NULL_RATIO | ICICIGI | TTM | return_on_assets_pct
NULL_RATIO | ICICIPRULI | TTM | return_on_assets_pct
NULL_RATIO | INDIGO | TTM | return_on_assets_pct
NULL_RATIO | INDUSINDBK | TTM | return_on_assets_pct
NULL_RATIO | INFY | TTM | return_on_assets_pct
NULL_RATIO | IOC | TTM | return_on_assets_pct
NULL_RATIO | IRCTC | TTM | return_on_assets_pct
NULL_RATIO | IRFC | TTM | return_on_assets_pct
NULL_RATIO | ITC | TTM | return_on_assets_pct
NULL_RATIO | JINDALSTEL | TTM | return_on_assets_pct
NULL_RATIO | JIOFIN | TTM | return_on_assets_pct
NULL_RATIO | JSWENERGY | TTM | return_on_assets_pct
NULL_RATIO | JSWSTEEL | TTM | return_on_assets_pct
NULL_RATIO | KOTAKBANK | TTM | return_on_assets_pct
NULL_RATIO | LICI | TTM | return_on_assets_pct
NULL_RATIO | LODHA | TTM | return_on_assets_pct
NULL_RATIO | LT | TTM | return_on_assets_pct
NULL_RATIO | LTIM | TTM | return_on_assets_pct
NULL_RATIO | M&M | TTM | return_on_assets_pct
NULL_RATIO | MARUTI | TTM | return_on_assets_pct
NULL_RATIO | MOTHERSON | TTM | return_on_assets_pct
NULL_RATIO | NAUKRI | TTM | return_on_assets_pct
NULL_RATIO | NESTLEIND | TTM | return_on_assets_pct
NULL_RATIO | NHPC | TTM | return_on_assets_pct
NULL_RATIO | NTPC | TTM | return_on_assets_pct
NULL_RATIO | ONGC | TTM | return_on_assets_pct
NULL_RATIO | PFC | TTM | return_on_assets_pct
NULL_RATIO | PIDILITIND | TTM | return_on_assets_pct
NULL_RATIO | PNB | TTM | return_on_assets_pct
NULL_RATIO | POWERGRID | TTM | return_on_assets_pct
NULL_RATIO | RECLTD | TTM | return_on_assets_pct
NULL_RATIO | RELIANCE | TTM | return_on_assets_pct
NULL_RATIO | SBILIFE | TTM | return_on_assets_pct
NULL_RATIO | SBIN | Mar 2013 | return_on_assets_pct
NULL_RATIO | SBIN | Mar 2014 | return_on_assets_pct
NULL_RATIO | SBIN | Mar 2015 | return_on_assets_pct
NULL_RATIO | SBIN | Mar 2016 | return_on_assets_pct
NULL_RATIO | SBIN | Mar 2017 | return_on_assets_pct
NULL_RATIO | SBIN | Mar 2018 | return_on_assets_pct
NULL_RATIO | SBIN | Mar 2019 | return_on_assets_pct
NULL_RATIO | SBIN | Mar 2020 | return_on_assets_pct
NULL_RATIO | SBIN | Mar 2021 | return_on_assets_pct
NULL_RATIO | SBIN | Mar 2022 | return_on_assets_pct
NULL_RATIO | SBIN | Mar 2023 | return_on_assets_pct
NULL_RATIO | SBIN | Mar 2024 | return_on_assets_pct
NULL_RATIO | SBIN | TTM | return_on_assets_pct
NULL_RATIO | SHREECEM | Mar 2016 9m | return_on_assets_pct
NULL_RATIO | SHREECEM | TTM | return_on_assets_pct
NULL_RATIO | SHRIRAMFIN | TTM | return_on_assets_pct
NULL_RATIO | SUNPHARMA | TTM | return_on_assets_pct
NULL_RATIO | TATACONSUM | TTM | return_on_assets_pct
NULL_RATIO | TATAMOTORS | TTM | return_on_assets_pct
NULL_RATIO | TATAPOWER | TTM | return_on_assets_pct
NULL_RATIO | TATASTEEL | TTM | return_on_assets_pct
NULL_RATIO | TCS | TTM | return_on_assets_pct
NULL_RATIO | TECHM | TTM | return_on_assets_pct
NULL_RATIO | TITAN | TTM | return_on_assets_pct
NULL_RATIO | TORNTPHARM | TTM | return_on_assets_pct
NULL_RATIO | TRENT | TTM | return_on_assets_pct
NULL_RATIO | TVSMOTOR | TTM | return_on_assets_pct
NULL_RATIO | ABB | Dec 2012 | interest_coverage
NULL_RATIO | ABB | Mar 2014 | interest_coverage
NULL_RATIO | ABB | Mar 2015 | interest_coverage
NULL_RATIO | ADANIENSOL | Mar 2014 | interest_coverage
NULL_RATIO | BAJAJHLDNG | Mar 2013 | interest_coverage
NULL_RATIO | BAJAJHLDNG | Mar 2014 | interest_coverage
NULL_RATIO | BAJAJHLDNG | Mar 2015 | interest_coverage
NULL_RATIO | BAJAJHLDNG | Mar 2016 | interest_coverage
NULL_RATIO | BAJAJHLDNG | Mar 2017 | interest_coverage
NULL_RATIO | BAJAJHLDNG | Mar 2018 | interest_coverage
NULL_RATIO | BAJAJHLDNG | Mar 2019 | interest_coverage
NULL_RATIO | BOSCHLTD | Dec 2013 | interest_coverage
NULL_RATIO | CHOLAFIN | Mar 2015 | interest_coverage
NULL_RATIO | CHOLAFIN | Mar 2018 | interest_coverage
NULL_RATIO | CHOLAFIN | Mar 2020 | interest_coverage
NULL_RATIO | ICICIGI | Mar 2016 | interest_coverage
NULL_RATIO | ICICIPRULI | Mar 2016 | interest_coverage
NULL_RATIO | INFY | Mar 2016 | interest_coverage
NULL_RATIO | INFY | Mar 2017 | interest_coverage
NULL_RATIO | INFY | Mar 2018 | interest_coverage
NULL_RATIO | INFY | Mar 2019 | interest_coverage
NULL_RATIO | IRCTC | Mar 2015 | interest_coverage
NULL_RATIO | IRCTC | Mar 2016 | interest_coverage
NULL_RATIO | JIOFIN | Mar 2023 | interest_coverage
NULL_RATIO | JIOFIN | TTM | interest_coverage
NULL_RATIO | LICI | Mar 2019 | interest_coverage
NULL_RATIO | LICI | Mar 2020 | interest_coverage
NULL_RATIO | LICI | Mar 2021 | interest_coverage
NULL_RATIO | LICI | Mar 2022 | interest_coverage
NULL_RATIO | LICI | TTM | interest_coverage
NULL_RATIO | PNB | Mar 2013 | interest_coverage
NULL_RATIO | PNB | Mar 2014 | interest_coverage
NULL_RATIO | PNB | Mar 2015 | interest_coverage
NULL_RATIO | PNB | Mar 2016 | interest_coverage
NULL_RATIO | PNB | Mar 2017 | interest_coverage
NULL_RATIO | PNB | Mar 2018 | interest_coverage
NULL_RATIO | PNB | Mar 2019 | interest_coverage
NULL_RATIO | PNB | Mar 2020 | interest_coverage
NULL_RATIO | PNB | Mar 2021 | interest_coverage
NULL_RATIO | PNB | Mar 2022 | interest_coverage
NULL_RATIO | PNB | Mar 2023 | interest_coverage
NULL_RATIO | PNB | Mar 2024 | interest_coverage
NULL_RATIO | PNB | TTM | interest_coverage
NULL_RATIO | SBILIFE | Mar 2020 | interest_coverage
NULL_RATIO | SBILIFE | Mar 2021 | interest_coverage
NULL_RATIO | SBILIFE | Mar 2022 | interest_coverage
NULL_RATIO | SBILIFE | TTM | interest_coverage